Running: /opt/Xilinx/14.7/ISE_DS/ISE/bin/lin64/unwrapped/fuse -intstyle ise -incremental -lib secureip -o /home/ise/VLSI/Experiment_2_Full_Adder_8bit/Experiment_2_Full_Adder_8bit_Test_Case_isim_beh.exe -prj /home/ise/VLSI/Experiment_2_Full_Adder_8bit/Experiment_2_Full_Adder_8bit_Test_Case_beh.prj work.Experiment_2_Full_Adder_8bit_Test_Case 
ISim P.20131013 (signature 0xfbc00daa)
Number of CPUs detected in this system: 1
Turning on mult-threading, number of parallel sub-compilation jobs: 0 
Determining compilation order of HDL files
Parsing VHDL file "/home/ise/VLSI/Experiment_2_Full_Adder_8bit/Experiment_2_Full_Adder_8bit.vhd" into library work
Parsing VHDL file "/home/ise/VLSI/Experiment_2_Full_Adder_8bit/Experiment_2_Full_Adder_8bit_Test_Case.vhd" into library work
Starting static elaboration
Completed static elaboration
Fuse Memory Usage: 95304 KB
Fuse CPU Usage: 890 ms
Compiling package standard
Compiling package std_logic_1164
Compiling architecture behavioral of entity Experiment_2_Full_Adder_8bit [experiment_2_full_adder_8bit_def...]
Compiling architecture behavior of entity experiment_2_full_adder_8bit_tes...
Time Resolution for simulation is 1ps.
Compiled 5 VHDL Units
Built simulation executable /home/ise/VLSI/Experiment_2_Full_Adder_8bit/Experiment_2_Full_Adder_8bit_Test_Case_isim_beh.exe
Fuse Memory Usage: 104000 KB
Fuse CPU Usage: 930 ms
GCC CPU Usage: 400 ms
